plugin_register tokenizers/yamecab
[[0,0.0,0.0],true]
tokenize TokenYaMecab "今日は、雨です"
[
  [
    0,
    0.0,
    0.0
  ],
  [
    {
      "value": "今日",
      "position": 0,
      "force_prefix": false
    },
    {
      "value": "雨",
      "position": 3,
      "force_prefix": false
    }
  ]
]
