plugin_register tokenizers/yamecab
[[0,0.0,0.0],true]
config_set tokenizer-yamecab.parse_limit 5
[[0,0.0,0.0],true]
tokenize TokenYaMecab "今日は、雨です"
[
  [
    0,
    0.0,
    0.0
  ],
  [
    {
      "value": "今",
      "position": 0,
      "force_prefix": false
    },
    {
      "value": "日",
      "position": 2,
      "force_prefix": false
    },
    {
      "value": "雨",
      "position": 8,
      "force_prefix": false
    },
    {
      "value": "す",
      "position": 12,
      "force_prefix": false
    }
  ]
]
