register tokenizers/yamecab
[[0,0.0,0.0],true]
load --table @yamecab
[
{"_key": "TokenYaMecab", "parse_limit":19, "@updates":true}
]
[[0,0.0,0.0],1]
tokenize TokenYaMecab "今日は、雨です"
[
  [
    0,
    0.0,
    0.0
  ],
  [
    {
      "value": "今日",
      "position": 0
    },
    {
      "value": "は",
      "position": 1
    },
    {
      "value": "、",
      "position": 2
    },
    {
      "value": "雨",
      "position": 3
    },
    {
      "value": "です",
      "position": 4
    }
  ]
]
