register tokenizers/yamecab
[[0,0.0,0.0],true]
yamecab_register
[[0,0.0,0.0],"TokenYaMecab"]
tokenize TokenYaMecab "今日は、雨です"
[
  [
    0,
    0.0,
    0.0
  ],
  [
    {
      "value": "今日",
      "position": 0
    },
    {
      "value": "は",
      "position": 1
    },
    {
      "value": "、",
      "position": 2
    },
    {
      "value": "雨",
      "position": 3
    },
    {
      "value": "です",
      "position": 4
    }
  ]
]
